// Jest Snapshot v1, https://goo.gl/fbAQLP

exports[`MainFilmInfo renders correctly 1`] = `
<div>
  <div
    className="mainFilmInfo__info"
    id="mainFilmOverwie"
  >
    <p
      style={
        Object {
          "display": "-webkit-box",
        }
      }
    >
      
    </p>
  </div>
  <Memo(ConnectFunction)
    className="mainFilmInfo__buttons"
  />
</div>
`;
