// Jest Snapshot v1, https://goo.gl/fbAQLP

exports[`Star renders correctly 1`] = `
<div
  className="starContainer"
>
  <i
    className="star"
  />
  <i
    className="star"
  />
  <i
    className="star"
  />
  <i
    className="star"
  />
  <i
    className="star"
  />
  <p
    className="rate"
  >
    4.8
  </p>
</div>
`;
