// Jest Snapshot v1, https://goo.gl/fbAQLP

exports[`HeaderComponent Header renders correctly 1`] = `
<header
  className="header"
>
  <div
    className="container"
  >
    <h1
      className="h1"
    >
      FILMS
    </h1>
    <form
      action=""
      onSubmit={[Function]}
    >
      <input
        className="searchField"
        tabIndex="0"
        type="search"
      />
      <button
        className="btnSearch"
        type="submit"
      >
        ⚲
      </button>
    </form>
  </div>
</header>
`;
