// Jest Snapshot v1, https://goo.gl/fbAQLP

exports[`MovieDetailsPage renders correctly +++ render the connected(SMART) component 1`] = `
<Context.Provider
  value={null}
>
  <MovieDetailsPage
    fetchMoviesOnGenre={[Function]}
    genres={Array []}
    page={1}
    results={Array []}
    store={
      Object {
        "clearActions": [Function],
        "dispatch": [Function],
        "getActions": [Function],
        "getState": [Function],
        "replaceReducer": [Function],
        "subscribe": [Function],
      }
    }
  />
</Context.Provider>
`;
