// Jest Snapshot v1, https://goo.gl/fbAQLP

exports[`MovieDetailsPage - all tests MovieDetailsPage, render component correctly MovieDetailsPage - render preloader 1`] = `
<button
  id="root"
>
  <div />
  <main>
    <div
      class="preloader"
    >
      <p>
        App is loading
      </p>
    </div>
  </main>
</button>
`;

exports[`MovieDetailsPage - all tests MovieDetailsPage, render component correctly MovieDetailsPage: render Modal with component 1`] = `
<button
  id="root"
>
  <div
    class="wrapper"
  >
    <header
      class="header"
    >
      <div
        class="container"
      >
        <h1
          class="h1"
        >
          FILMS
        </h1>
        <form
          action=""
        >
          <input
            class="searchField"
            tabindex="0"
            type="search"
          />
          <button
            class="btnSearch"
            type="submit"
          >
            ⚲
          </button>
        </form>
      </div>
    </header>
    <main>
      <section
        class="movieDetailsPageContainer"
        style="background-repeat: no-repeat; background-size: cover; background-position: center;"
      >
        <div
          class="mainfilmInfo"
        >
          <div
            class="container"
          >
            <div
              class="mainFilmTitle"
            >
              <h2
                class="filmTitle"
              />
              <div
                class="genres"
              >
                <ul />
              </div>
              <div
                class="starContainer"
              >
                <p
                  class="rate"
                >
                  0
                </p>
              </div>
            </div>
            <div
              class="hideInfo"
              id="mainFilmOverwie"
            >
              <div
                class="mainFilmInfo__info"
              >
                <p />
              </div>
              <div
                class="btnContainer"
              >
                <button
                  class="watch"
                  tabindex="0"
                  type="button"
                >
                  Watch Now
                </button>
                <button
                  class="viewInfo"
                  id="info"
                  tabindex="0"
                  type="button"
                >
                  View Info
                </button>
              </div>
            </div>
          </div>
        </div>
      </section>
    </main>
  </div>
  <div>
    <div
      class="modalWrapper"
      role="button"
      tabindex="0"
    >
      <button
        class="modalClose"
        id="closeModal"
        tabindex="0"
        type="button"
      >
        ╳
      </button>
      <div
        class=""
      >
        <div
          id="trailer"
        />
      </div>
    </div>
  </div>
</button>
`;
