// Jest Snapshot v1, https://goo.gl/fbAQLP

exports[`MovieDetailsPage - all tests MovieDetailsPage, render component correctly MovieDetailsPage - render preloader 1`] = `
<button
  id="root"
>
  <div
    class="container"
  >
    <img
      alt="loading"
      src="test-file-stub"
    />
  </div>
</button>
`;

exports[`MovieDetailsPage - all tests MovieDetailsPage, render component correctly MovieDetailsPage: unmount 1`] = `
<button
  id="root"
>
  <div
    class="wrapper"
  >
    <header
      class="header"
    >
      <div
        class="container"
      >
        <h1
          class="h1"
        >
          FILMS
        </h1>
        <form
          action=""
        >
          <input
            class="searchField"
            id="searchField"
            tabindex="0"
            type="search"
          />
          <input
            class="btnSearch"
            type="button"
            value="⚲"
          />
        </form>
      </div>
    </header>
    <main>
      <section
        class="movieDetailsPageContainer"
        style="background-image: url(https://api.ballotpedia.org/v3/thumbnail/); background-repeat: no-repeat; background-size: cover; background-position: center;"
      >
        <div
          class="mainfilmInfo"
        >
          <div
            class="container"
          >
            <div
              class="mainFilmTitle"
            >
              <h2
                class="filmTitle"
              />
              <div
                class="genres"
              >
                <ul />
              </div>
              <div
                class="starContainer"
              >
                <p
                  class="rate"
                >
                  0
                </p>
              </div>
            </div>
            <div
              class="hideInfo"
              id="mainFilmOverwie"
            >
              <div
                class="mainFilmInfo__info"
              >
                <p />
              </div>
              <div
                class="btnContainer"
              >
                <input
                  class="watch"
                  tabindex="0"
                  type="button"
                  value="Watch Now"
                />
                <input
                  class="viewInfo"
                  id="info"
                  tabindex="0"
                  type="button"
                  value="View Info"
                />
              </div>
            </div>
          </div>
        </div>
        <div>
          <div
            class="modalWrapper"
            role="button"
            tabindex="0"
          >
            <button
              class="modalClose"
              id="closeModal"
              tabindex="0"
              type="button"
            >
              ╳
            </button>
            <div
              class=""
            >
              <div
                id="trailer"
              />
            </div>
          </div>
        </div>
      </section>
    </main>
  </div>
</button>
`;
