// Jest Snapshot v1, https://goo.gl/fbAQLP

exports[`Test routes Routes - base Routes 1`] = `
<main>
  <div
    className="preloader"
  >
    <p>
      App is loading
    </p>
  </div>
</main>
`;

exports[`Test routes Routes - films Routes 1`] = `
Array [
  <div>
    <header
      className="header"
    >
      <div
        className="container"
      >
        <h1
          className="h1"
        >
          FILMS
        </h1>
        <form
          action=""
          onSubmit={[Function]}
        >
          <input
            className="searchField"
            id="searchField"
            tabIndex="0"
            type="search"
          />
          <input
            className="btnSearch"
            onClick={[Function]}
            type="button"
            value="⚲"
          />
        </form>
      </div>
    </header>
    <div
      className="container"
    >
      <div
        className="title"
      >
        <h1>
          Nothing found
        </h1>
      </div>
      <div
        className="moviesSelector"
      >
        <nav>
          <ul>
            <li>
              <a
                href="/list/trending"
                onClick={[Function]}
              >
                <button
                  href="#"
                  type="button"
                >
                  Trending
                </button>
              </a>
            </li>
            <li>
              <a
                href="/list/top_rated"
                onClick={[Function]}
              >
                <button
                  href="#"
                  type="button"
                >
                  Top Rated
                </button>
              </a>
            </li>
            <li>
              <a
                href="/list/coming_soon"
                onClick={[Function]}
              >
                <button
                  href="#"
                  type="button"
                >
                  Coming Soon
                </button>
              </a>
            </li>
            <li>
              <select
                id=""
                name="genre"
                onChange={[Function]}
              >
                <option
                  value=""
                >
                  Genre
                </option>
                <option>
                  Drama
                </option>
              </select>
            </li>
          </ul>
        </nav>
        <div
          className="typeView"
        >
          <button
            id="cards"
            onClick={[Function]}
            type="button"
          >
            ⚏
          </button>
          <button
            id="lines"
            onClick={[Function]}
            type="button"
          >
            ⚌
          </button>
        </div>
      </div>
      <img
        alt="404 Not Found"
        src="https://cdn.shopify.com/s/files/1/1164/8172/products/funny-insomnia-mug-error-404-am-sleep-not-found-11oz-black-coffee-mugs_175_1024x1024.jpg?v=1537210909"
      />
    </div>
  </div>,
  ",",
]
`;

exports[`Test routes Routes - genre Routes 1`] = `
Array [
  <div>
    <header
      className="header"
    >
      <div
        className="container"
      >
        <h1
          className="h1"
        >
          FILMS
        </h1>
        <form
          action=""
          onSubmit={[Function]}
        >
          <input
            className="searchField"
            id="searchField"
            tabIndex="0"
            type="search"
          />
          <input
            className="btnSearch"
            onClick={[Function]}
            type="button"
            value="⚲"
          />
        </form>
      </div>
    </header>
    <div
      className="container"
    >
      <div
        className="title"
      >
        <h1>
          Nothing found
        </h1>
      </div>
      <div
        className="moviesSelector"
      >
        <nav>
          <ul>
            <li>
              <a
                href="/list/trending"
                onClick={[Function]}
              >
                <button
                  href="#"
                  type="button"
                >
                  Trending
                </button>
              </a>
            </li>
            <li>
              <a
                href="/list/top_rated"
                onClick={[Function]}
              >
                <button
                  href="#"
                  type="button"
                >
                  Top Rated
                </button>
              </a>
            </li>
            <li>
              <a
                href="/list/coming_soon"
                onClick={[Function]}
              >
                <button
                  href="#"
                  type="button"
                >
                  Coming Soon
                </button>
              </a>
            </li>
            <li>
              <select
                id=""
                name="genre"
                onChange={[Function]}
              >
                <option
                  value=""
                >
                  Genre
                </option>
                <option>
                  Drama
                </option>
              </select>
            </li>
          </ul>
        </nav>
        <div
          className="typeView"
        >
          <button
            id="cards"
            onClick={[Function]}
            type="button"
          >
            ⚏
          </button>
          <button
            id="lines"
            onClick={[Function]}
            type="button"
          >
            ⚌
          </button>
        </div>
      </div>
      <img
        alt="404 Not Found"
        src="https://cdn.shopify.com/s/files/1/1164/8172/products/funny-insomnia-mug-error-404-am-sleep-not-found-11oz-black-coffee-mugs_175_1024x1024.jpg?v=1537210909"
      />
    </div>
  </div>,
  ",",
]
`;

exports[`Test routes Routes - index.html Routes 1`] = `","`;

exports[`Test routes Routes - list Routes 1`] = `
Array [
  <div>
    <header
      className="header"
    >
      <div
        className="container"
      >
        <h1
          className="h1"
        >
          FILMS
        </h1>
        <form
          action=""
          onSubmit={[Function]}
        >
          <input
            className="searchField"
            id="searchField"
            tabIndex="0"
            type="search"
          />
          <input
            className="btnSearch"
            onClick={[Function]}
            type="button"
            value="⚲"
          />
        </form>
      </div>
    </header>
    <div
      className="container"
    >
      <div
        className="title"
      >
        <h1>
          Nothing found
        </h1>
      </div>
      <div
        className="moviesSelector"
      >
        <nav>
          <ul>
            <li>
              <a
                href="/list/trending"
                onClick={[Function]}
              >
                <button
                  href="#"
                  type="button"
                >
                  Trending
                </button>
              </a>
            </li>
            <li>
              <a
                href="/list/top_rated"
                onClick={[Function]}
              >
                <button
                  href="#"
                  type="button"
                >
                  Top Rated
                </button>
              </a>
            </li>
            <li>
              <a
                href="/list/coming_soon"
                onClick={[Function]}
              >
                <button
                  href="#"
                  type="button"
                >
                  Coming Soon
                </button>
              </a>
            </li>
            <li>
              <select
                id=""
                name="genre"
                onChange={[Function]}
              >
                <option
                  value=""
                >
                  Genre
                </option>
                <option>
                  Drama
                </option>
              </select>
            </li>
          </ul>
        </nav>
        <div
          className="typeView"
        >
          <button
            id="cards"
            onClick={[Function]}
            type="button"
          >
            ⚏
          </button>
          <button
            id="lines"
            onClick={[Function]}
            type="button"
          >
            ⚌
          </button>
        </div>
      </div>
      <img
        alt="404 Not Found"
        src="https://cdn.shopify.com/s/files/1/1164/8172/products/funny-insomnia-mug-error-404-am-sleep-not-found-11oz-black-coffee-mugs_175_1024x1024.jpg?v=1537210909"
      />
    </div>
  </div>,
  ",",
]
`;

exports[`Test routes Routes - search Routes 1`] = `
Array [
  <div>
    <header
      className="header"
    >
      <div
        className="container"
      >
        <h1
          className="h1"
        >
          FILMS
        </h1>
        <form
          action=""
          onSubmit={[Function]}
        >
          <input
            className="searchField"
            id="searchField"
            tabIndex="0"
            type="search"
          />
          <input
            className="btnSearch"
            onClick={[Function]}
            type="button"
            value="⚲"
          />
        </form>
      </div>
    </header>
    <div
      className="container"
    >
      <div
        className="title"
      >
        <h1>
          Nothing found
        </h1>
      </div>
      <div
        className="moviesSelector"
      >
        <nav>
          <ul>
            <li>
              <a
                href="/list/trending"
                onClick={[Function]}
              >
                <button
                  href="#"
                  type="button"
                >
                  Trending
                </button>
              </a>
            </li>
            <li>
              <a
                href="/list/top_rated"
                onClick={[Function]}
              >
                <button
                  href="#"
                  type="button"
                >
                  Top Rated
                </button>
              </a>
            </li>
            <li>
              <a
                href="/list/coming_soon"
                onClick={[Function]}
              >
                <button
                  href="#"
                  type="button"
                >
                  Coming Soon
                </button>
              </a>
            </li>
            <li>
              <select
                id=""
                name="genre"
                onChange={[Function]}
              >
                <option
                  value=""
                >
                  Genre
                </option>
                <option>
                  Drama
                </option>
              </select>
            </li>
          </ul>
        </nav>
        <div
          className="typeView"
        >
          <button
            id="cards"
            onClick={[Function]}
            type="button"
          >
            ⚏
          </button>
          <button
            id="lines"
            onClick={[Function]}
            type="button"
          >
            ⚌
          </button>
        </div>
      </div>
      <img
        alt="404 Not Found"
        src="https://cdn.shopify.com/s/files/1/1164/8172/products/funny-insomnia-mug-error-404-am-sleep-not-found-11oz-black-coffee-mugs_175_1024x1024.jpg?v=1537210909"
      />
    </div>
  </div>,
  ",",
]
`;
