// Jest Snapshot v1, https://goo.gl/fbAQLP

exports[`MovieListContainer - test component MovieList: renders correctly with empty results 1`] = `
<div
  className="wrapper"
>
  <header
    className="header"
  >
    <div
      className="container"
    >
      <h1
        className="h1"
      >
        FILMS
      </h1>
      <form
        action=""
        onSubmit={[Function]}
      >
        <input
          className="searchField"
          tabIndex="0"
          type="search"
        />
        <button
          className="btnSearch"
          type="submit"
        >
          ⚲
        </button>
      </form>
    </div>
  </header>
  <main>
    <section
      className="movieList"
    >
      <div
        className="container"
      >
        <div
          className="moviesSelector"
        >
          <nav>
            <ul>
              <li>
                <a
                  href="/trending"
                  onClick={[Function]}
                >
                  <button
                    href="#"
                    onClick={[Function]}
                    type="button"
                  >
                    Trending
                  </button>
                </a>
              </li>
              <li>
                <a
                  href="/top_rated"
                  onClick={[Function]}
                >
                  <button
                    href="#"
                    onClick={[Function]}
                    type="button"
                  >
                    Top Rated
                  </button>
                </a>
              </li>
              <li>
                <a
                  href="/coming_soon"
                  onClick={[Function]}
                >
                  <button
                    href="#"
                    onClick={[Function]}
                    type="button"
                  >
                    Coming Soon
                  </button>
                </a>
              </li>
              <li>
                <select
                  id=""
                  name="genre"
                  onChange={[Function]}
                >
                  <option
                    value=""
                  >
                    Genre
                  </option>
                  <option>
                    Drama
                  </option>
                </select>
              </li>
            </ul>
          </nav>
          <div
            className="typeView"
          >
            <button
              id="cards"
              onClick={[Function]}
              type="button"
            >
              ⚏
            </button>
            <button
              id="lines"
              onClick={[Function]}
              type="button"
            >
              ⚌
            </button>
          </div>
        </div>
        <div
          className="moviesWrapper"
        />
      </div>
    </section>
  </main>
</div>
`;
