// Jest Snapshot v1, https://goo.gl/fbAQLP

exports[`MainFilmTitle renders correctly 1`] = `
<div
  className="mainFilmTitle"
>
  <h2
    className="filmTitle"
  >
    Brightburn
  </h2>
  <div
    className="genres"
  >
    <ul
      onClick={[Function]}
    >
      <li>
        <span>
          Horror
        </span>
      </li>
      <li>
        <span>
          Science Fiction
        </span>
      </li>
      <li>
        <span>
          Drama
        </span>
      </li>
      <li>
        <span>
          Thriller
        </span>
      </li>
    </ul>
  </div>
  <Star
    rate={7.5}
  />
</div>
`;
