// Jest Snapshot v1, https://goo.gl/fbAQLP

exports[`render render correctly: Nothing Found error 1`] = `
<Context.Provider
  value={
    Object {
      "store": Object {
        "clearActions": [Function],
        "dispatch": [Function],
        "getActions": [Function],
        "getState": [Function],
        "replaceReducer": [Function],
        "subscribe": [Function],
      },
      "subscription": Subscription {
        "handleChangeWrapper": [Function],
        "listeners": Object {
          "notify": [Function],
        },
        "onStateChange": [Function],
        "parentSub": undefined,
        "store": Object {
          "clearActions": [Function],
          "dispatch": [Function],
          "getActions": [Function],
          "getState": [Function],
          "replaceReducer": [Function],
          "subscribe": [Function],
        },
        "unsubscribe": null,
      },
    }
  }
>
  <MemoryRouter>
    <withRouter(Connect(ErrorBoundary)) />
  </MemoryRouter>
</Context.Provider>
`;

exports[`render render correctly: error = "" 1`] = `null`;

exports[`render render correctly: error 1`] = `null`;
