// Jest Snapshot v1, https://goo.gl/fbAQLP

exports[`MovieSelectors MovieSelectors: renders correctly 1`] = `
<div
  className="moviesSelector"
>
  <nav>
    <ul>
      <li>
        <a
          href="/list/trending"
          onClick={[Function]}
        >
          <button
            href="#"
            type="button"
          >
            Trending
          </button>
        </a>
      </li>
      <li>
        <a
          href="/list/top_rated"
          onClick={[Function]}
        >
          <button
            href="#"
            type="button"
          >
            Top Rated
          </button>
        </a>
      </li>
      <li>
        <a
          href="/list/coming_soon"
          onClick={[Function]}
        >
          <button
            href="#"
            type="button"
          >
            Coming Soon
          </button>
        </a>
      </li>
      <li>
        <select
          id=""
          name="genre"
          onChange={[Function]}
        >
          <option
            value=""
          >
            Select Genre
          </option>
          <option
            value={28}
          >
            Action
          </option>
          <option
            value={12}
          >
            Adventure
          </option>
          <option
            value={16}
          >
            Animation
          </option>
          <option
            value={35}
          >
            Comedy
          </option>
          <option
            value={80}
          >
            Crime
          </option>
          <option
            value={99}
          >
            Documentary
          </option>
          <option
            value={18}
          >
            Drama
          </option>
          <option
            value={10751}
          >
            Family
          </option>
          <option
            value={14}
          >
            Fantasy
          </option>
          <option
            value={36}
          >
            History
          </option>
          <option
            value={27}
          >
            Horror
          </option>
          <option
            value={10402}
          >
            Music
          </option>
          <option
            value={9648}
          >
            Mystery
          </option>
          <option
            value={10749}
          >
            Romance
          </option>
          <option
            value={878}
          >
            Science Fiction
          </option>
          <option
            value={10770}
          >
            TV Movie
          </option>
          <option
            value={53}
          >
            Thriller
          </option>
          <option
            value={10752}
          >
            War
          </option>
          <option
            value={37}
          >
            Western
          </option>
        </select>
      </li>
    </ul>
  </nav>
  <div
    className="typeView"
  >
    <button
      id="cards"
      onClick={[Function]}
      type="button"
    >
      ⚏
    </button>
    <button
      id="lines"
      onClick={[Function]}
      type="button"
    >
      ⚌
    </button>
  </div>
</div>
`;
